// Jest Snapshot v1, https://goo.gl/fbAQLP

exports[`ImageFigure component renders correctly with footer 1`] = `
<figure>
  <a
    href="mock-src"
    rel="noopener noreferrer"
    target="_self"
  >
    <img
      alt="mock-alternate"
      className="figure__image"
      src="mock-src"
    />
  </a>
  <figcaption>
    mock-caption
  </figcaption>
</figure>
`;
